// Jest Snapshot v1, https://goo.gl/fbAQLP

exports[`ListItems component should match snapshot 1`] = `
<div>
  <section
    class="section"
  />
</div>
`;
